******************************************************************************
                  TI ARM Linker Unix v18.1.1                   
******************************************************************************
>> Linked Sat Sep  1 18:27:11 2018

OUTPUT FILE NAME:   <mobileReceiver.out>
ENTRY POINT SYMBOL: "_c_int00_noargs"  address: 000009e5


MEMORY CONFIGURATION

         name            origin    length      used     unused   attr    fill
----------------------  --------  ---------  --------  --------  ----  --------
  FLASH                 00000000   00040000  00000aa4  0003f55c  R  X
  SRAM                  20000000   00008000  00000256  00007daa  RW X


SEGMENT ALLOCATION MAP

run origin  load origin   length   init length attrs members
----------  ----------- ---------- ----------- ----- -------
00000000    00000000    00000aa8   00000aa8    r-x
  00000000    00000000    0000026c   0000026c    r-- .intvecs
  0000026c    0000026c    000007f8   000007f8    r-x .text
  00000a68    00000a68    00000040   00000040    r-- .cinit
20000000    20000000    00000257   00000000    rw-
  20000000    20000000    00000200   00000000    rw- .stack
  20000200    20000200    0000003f   00000000    rw- .bss
  20000240    20000240    00000017   00000000    rw- .data


SECTION ALLOCATION MAP

 output                                  attributes/
section   page    origin      length       input sections
--------  ----  ----------  ----------   ----------------
.intvecs   0    00000000    0000026c     
                  00000000    0000026c     tm4c123gh6pm_startup_ccs.obj (.intvecs)

.text      0    0000026c    000007f8     
                  0000026c    00000630     main.obj (.text)
                  0000089c    0000009c     rtsv7M4_T_le_v4SPD16_eabi.lib : memcpy_t2.asm.obj (.text)
                  00000938    00000068                                   : copy_decompress_lzss.c.obj (.text:decompress:lzss:__TI_decompress_lzss)
                  000009a0    00000044                                   : autoinit.c.obj (.text:__TI_auto_init_nobinit_nopinit:__TI_auto_init_nobinit_nopinit)
                  000009e4    00000038                                   : boot_cortex_m.c.obj (.text:_c_int00_noargs:_c_int00_noargs)
                  00000a1c    00000014                                   : strlen.c.obj (.text:strlen)
                  00000a30    00000012                                   : copy_zero_init.c.obj (.text:decompress:ZI:__TI_zero_init_nomemset:__TI_zero_init_nomemset)
                  00000a42    0000000e                                   : copy_decompress_none.c.obj (.text:decompress:none:__TI_decompress_none)
                  00000a50    0000000c     tm4c123gh6pm_startup_ccs.obj (.text)
                  00000a5c    00000004     rtsv7M4_T_le_v4SPD16_eabi.lib : pre_init.c.obj (.text:_system_pre_init)
                  00000a60    00000004                                   : exit.c.obj (.text:abort:abort)

.cinit     0    00000a68    00000040     
                  00000a68    00000016     (.cinit..data.load) [load image, compression = lzss]
                  00000a7e    00000002     --HOLE-- [fill = 0]
                  00000a80    0000000c     (__TI_handler_table)
                  00000a8c    00000004     --HOLE-- [fill = 0]
                  00000a90    00000008     (.cinit..bss.load) [load image, compression = zero_init]
                  00000a98    00000010     (__TI_cinit_table)

.init_array 
*          0    00000000    00000000     UNINITIALIZED

.bss       0    20000200    0000003f     UNINITIALIZED
                  20000200    00000014     (.common:packetReceived)
                  20000214    0000000c     (.common:data)
                  20000220    00000004     (.common:sum)
                  20000224    00000004     (.common:x1)
                  20000228    00000004     (.common:x2)
                  2000022c    00000004     (.common:x3)
                  20000230    00000004     (.common:y1)
                  20000234    00000004     (.common:y2)
                  20000238    00000004     (.common:y3)
                  2000023c    00000001     (.common:id)
                  2000023d    00000001     (.common:in)
                  2000023e    00000001     (.common:indx)

.data      0    20000240    00000017     UNINITIALIZED
                  20000240    00000010     main.obj (.data)
                  20000250    00000007     main.obj (.data:sync_seq)

.stack     0    20000000    00000200     UNINITIALIZED
                  20000000    00000004     rtsv7M4_T_le_v4SPD16_eabi.lib : boot_cortex_m.c.obj (.stack)
                  20000004    000001fc     --HOLE--

MODULE SUMMARY

       Module                         code   ro data   rw data
       ------                         ----   -------   -------
    ./
       main.obj                       1584   0         86     
       tm4c123gh6pm_startup_ccs.obj   12     620       0      
    +--+------------------------------+------+---------+---------+
       Total:                         1596   620       86     
                                                              
    /Applications/ti/ccsv8/tools/compiler/ti-cgt-arm_18.1.1.LTS/lib/rtsv7M4_T_le_v4SPD16_eabi.lib
       memcpy_t2.asm.obj              156    0         0      
       copy_decompress_lzss.c.obj     104    0         0      
       autoinit.c.obj                 68     0         0      
       boot_cortex_m.c.obj            56     0         0      
       strlen.c.obj                   20     0         0      
       copy_zero_init.c.obj           18     0         0      
       copy_decompress_none.c.obj     14     0         0      
       exit.c.obj                     4      0         0      
       pre_init.c.obj                 4      0         0      
    +--+------------------------------+------+---------+---------+
       Total:                         444    0         0      
                                                              
       Stack:                         0      0         512    
       Linker Generated:              0      58        0      
    +--+------------------------------+------+---------+---------+
       Grand Total:                   2040   678       598    


LINKER GENERATED COPY TABLES

__TI_cinit_table @ 00000a98 records: 2, size/record: 8, table size: 16
	.data: load addr=00000a68, load size=00000016 bytes, run addr=20000240, run size=00000017 bytes, compression=lzss
	.bss: load addr=00000a90, load size=00000008 bytes, run addr=20000200, run size=0000003f bytes, compression=zero_init


LINKER GENERATED HANDLER TABLE

__TI_handler_table @ 00000a80 records: 3, size/record: 4, table size: 12
	index: 0, handler: __TI_decompress_lzss
	index: 1, handler: __TI_decompress_none
	index: 2, handler: __TI_zero_init


GLOBAL SYMBOLS: SORTED ALPHABETICALLY BY Name 

address   name                          
-------   ----                          
00000a61  C$$EXIT                       
00000a51  ResetISR                      
000005e9  SumWords                      
000004fb  Uart1Isr                      
20000200  __STACK_END                   
00000200  __STACK_SIZE                  
20000200  __STACK_TOP                   
00000a98  __TI_CINIT_Base               
00000aa8  __TI_CINIT_Limit              
00000a80  __TI_Handler_Table_Base       
00000a8c  __TI_Handler_Table_Limit      
000009a1  __TI_auto_init_nobinit_nopinit
00000939  __TI_decompress_lzss          
00000a43  __TI_decompress_none          
ffffffff  __TI_pprof_out_hndl           
ffffffff  __TI_prof_data_size           
ffffffff  __TI_prof_data_start          
00000000  __TI_static_base__            
00000a31  __TI_zero_init_nomemset       
0000089d  __aeabi_memcpy                
0000089d  __aeabi_memcpy4               
0000089d  __aeabi_memcpy8               
ffffffff  __binit__                     
ffffffff  __c_args__                    
UNDEFED   __mpu_init                    
20000000  __stack                       
000009e5  _c_int00_noargs               
UNDEFED   _system_post_cinit            
00000a5d  _system_pre_init              
00000a61  abort                         
ffffffff  binit                         
2000024c  checkSum                      
2000024f  clearInbuf                    
20000214  data                          
20000240  dataReceived                  
20000243  data_pos                      
20000248  data_r                        
000006a5  decodeCoordinates             
00000000  g_pfnVectors                  
000004c1  getChecksum                   
00000427  getcUart0                     
0000043b  getcUart1                     
2000023c  id                            
2000023d  in                            
2000023e  indx                          
0000026d  initHw                        
00000759  initIncomingData              
00000799  main                          
0000089d  memcpy                        
2000024a  msgIndex                      
20000249  msgLength                     
20000200  packetReceived                
000003d9  putcUart0                     
000003f5  putsUart0                     
0000056f  readPbs                       
20000241  seq_count                     
00000a1d  strlen                        
20000220  sum                           
0000044f  sumWords                      
20000242  syncDetected                  
20000250  sync_seq                      
20000244  time_constant                 
000003b9  waitMicrosecond               
20000224  x1                            
20000228  x2                            
2000022c  x3                            
20000230  y1                            
20000234  y2                            
20000238  y3                            


GLOBAL SYMBOLS: SORTED BY Symbol Address 

address   name                          
-------   ----                          
00000000  __TI_static_base__            
00000000  g_pfnVectors                  
00000200  __STACK_SIZE                  
0000026d  initHw                        
000003b9  waitMicrosecond               
000003d9  putcUart0                     
000003f5  putsUart0                     
00000427  getcUart0                     
0000043b  getcUart1                     
0000044f  sumWords                      
000004c1  getChecksum                   
000004fb  Uart1Isr                      
0000056f  readPbs                       
000005e9  SumWords                      
000006a5  decodeCoordinates             
00000759  initIncomingData              
00000799  main                          
0000089d  __aeabi_memcpy                
0000089d  __aeabi_memcpy4               
0000089d  __aeabi_memcpy8               
0000089d  memcpy                        
00000939  __TI_decompress_lzss          
000009a1  __TI_auto_init_nobinit_nopinit
000009e5  _c_int00_noargs               
00000a1d  strlen                        
00000a31  __TI_zero_init_nomemset       
00000a43  __TI_decompress_none          
00000a51  ResetISR                      
00000a5d  _system_pre_init              
00000a61  C$$EXIT                       
00000a61  abort                         
00000a80  __TI_Handler_Table_Base       
00000a8c  __TI_Handler_Table_Limit      
00000a98  __TI_CINIT_Base               
00000aa8  __TI_CINIT_Limit              
20000000  __stack                       
20000200  __STACK_END                   
20000200  __STACK_TOP                   
20000200  packetReceived                
20000214  data                          
20000220  sum                           
20000224  x1                            
20000228  x2                            
2000022c  x3                            
20000230  y1                            
20000234  y2                            
20000238  y3                            
2000023c  id                            
2000023d  in                            
2000023e  indx                          
20000240  dataReceived                  
20000241  seq_count                     
20000242  syncDetected                  
20000243  data_pos                      
20000244  time_constant                 
20000248  data_r                        
20000249  msgLength                     
2000024a  msgIndex                      
2000024c  checkSum                      
2000024f  clearInbuf                    
20000250  sync_seq                      
ffffffff  __TI_pprof_out_hndl           
ffffffff  __TI_prof_data_size           
ffffffff  __TI_prof_data_start          
ffffffff  __binit__                     
ffffffff  __c_args__                    
ffffffff  binit                         
UNDEFED   __mpu_init                    
UNDEFED   _system_post_cinit            

[69 symbols]
